../Drivers/CMSIS/Include/core_cm7.h:2229:22:SCB_EnableICache	4	static,ignoring_inline_asm
../Drivers/CMSIS/Include/core_cm7.h:2281:22:SCB_EnableDCache	24	static,ignoring_inline_asm
../Core/Src/main.c:124:1:__io_putchar	16	static
../Core/Src/main.c:141:5:main	24	static
../Core/Src/main.c:289:6:SystemClock_Config	88	static
../Core/Src/main.c:346:13:MX_I2C1_Init	8	static
../Core/Src/main.c:394:13:MX_I2C2_Init	8	static
../Core/Src/main.c:442:13:MX_TIM1_Init	40	static
../Core/Src/main.c:489:13:MX_TIM2_Init	40	static
../Core/Src/main.c:534:13:MX_TIM3_Init	40	static
../Core/Src/main.c:579:13:MX_TIM4_Init	40	static
../Core/Src/main.c:624:13:MX_TIM5_Init	40	static
../Core/Src/main.c:669:13:MX_USART3_UART_Init	8	static
../Core/Src/main.c:704:13:MX_GPIO_Init	56	static
../Core/Src/main.c:755:6:HAL_TIM_PeriodElapsedCallback	40	static
../Core/Src/main.c:822:8:bme680I2cRead	32	static
../Core/Src/main.c:836:8:bme680I2cWrite	32	static
../Core/Src/main.c:855:6:BME680_Initialize	80	static
../Core/Src/main.c:912:6:RFID_PN532_Initialize	8	static
../Core/Src/main.c:927:6:HAL_GPIO_EXTI_Callback	16	static
../Core/Src/main.c:934:6:Open_Door	16	static
../Core/Src/main.c:979:6:Error_Handler	4	static,ignoring_inline_asm
