../Core/Src/pn532_stm32f1.c:53:5:PN532_Reset	8	static
../Core/Src/pn532_stm32f1.c:63:6:PN532_Log	16	static
../Core/Src/pn532_stm32f1.c:67:6:PN532_Init	16	static
../Core/Src/pn532_stm32f1.c:171:6:i2c_read	24	static
../Core/Src/pn532_stm32f1.c:175:6:i2c_write	24	static
../Core/Src/pn532_stm32f1.c:179:5:PN532_I2C_ReadData	56	dynamic
../Core/Src/pn532_stm32f1.c:193:5:PN532_I2C_WriteData	16	static
../Core/Src/pn532_stm32f1.c:198:6:PN532_I2C_WaitReady	24	static
../Core/Src/pn532_stm32f1.c:212:5:PN532_I2C_Wakeup	8	static
../Core/Src/pn532_stm32f1.c:223:6:PN532_I2C_Init	16	static
